C:

Zalak@Zalak-PC ~
$ C:
-bash: C:: command not found

Zalak@Zalak-PC ~
$ cd c:

Zalak@Zalak-PC /cygdrive/c
$ cd Zalak/Github/Github_Repository/NetworkMotif/src/main/nauty/nauty25r9/

Zalak@Zalak-PC /cygdrive/c/Zalak/Github/Github_Repository/NetworkMotif/src/main/                                                                                                                                                                                               nauty/nauty25r9
$ .\configure
-bash: .configure: command not found

Zalak@Zalak-PC /cygdrive/c/Zalak/Github/Github_Repository/NetworkMotif/src/main/                                                                                                                                                                                               nauty/nauty25r9
$ ./configure
-bash: ./configure: Permission denied

Zalak@Zalak-PC /cygdrive/c/Zalak/Github/Github_Repository/NetworkMotif/src/main/                                                                                                                                                                                               nauty/nauty25r9
$ gcc
gcc: fatal error: no input files
compilation terminated.

Zalak@Zalak-PC /cygdrive/c/Zalak/Github/Github_Repository/NetworkMotif/src/main/                                                                                                                                                                                               nauty/nauty25r9
$ echo; gcc --version;

gcc (GCC) 4.9.2
Copyright (C) 2014 Free Software Foundation, Inc.
This is free software; see the source for copying conditions.  There is NO
warranty; not even for MERCHANTABILITY or FITNESS FOR A PARTICULAR PURPOSE.


Zalak@Zalak-PC /cygdrive/c/Zalak/Github/Github_Repository/NetworkMotif/src/main/                                                                                                                                                                                               nauty/nauty25r9
$ ^C

Zalak@Zalak-PC /cygdrive/c/Zalak/Github/Github_Repository/NetworkMotif/src/main/                                                                                                                                                                                               nauty/nauty25r9
$ ^C

Zalak@Zalak-PC /cygdrive/c/Zalak/Github/Github_Repository/NetworkMotif/src/main/                                                                                                                                                                                               nauty/nauty25r9
$ chmod +x .\configure
chmod: cannot access ‘.configure’: No such file or directory

Zalak@Zalak-PC /cygdrive/c/Zalak/Github/Github_Repository/NetworkMotif/src/main/                                                                                                                                                                                               nauty/nauty25r9
$ ^C

Zalak@Zalak-PC /cygdrive/c/Zalak/Github/Github_Repository/NetworkMotif/src/main/                                                                                                                                                                                               nauty/nauty25r9
$ ^C

Zalak@Zalak-PC /cygdrive/c/Zalak/Github/Github_Repository/NetworkMotif/src/main/                                                                                                                                                                                               nauty/nauty25r9
$ chmod +x ./configure

Zalak@Zalak-PC /cygdrive/c/Zalak/Github/Github_Repository/NetworkMotif/src/main/                                                                                                                                                                                               nauty/nauty25r9
$ ./configure
checking build system type... x86_64-unknown-cygwin
checking host system type... x86_64-unknown-cygwin
checking for gcc... gcc
checking whether the C compiler works... yes
checking for C compiler default output file name... a.exe
checking for suffix of executables... .exe
checking whether we are cross compiling... no
checking for suffix of object files... o
checking whether we are using the GNU C compiler... yes
checking whether gcc accepts -g... yes
checking for gcc option to accept ISO C89... none needed
checking for special C compiler options needed for large files... no
checking for _FILE_OFFSET_BITS value needed for large files... no
checking if gcc supports -O4 flags... yes
checking if gcc supports -march=i686 flags... no
CFLAGS= -O4
MORECFLAGS=
checking for sys/wait.h that is POSIX.1 compatible... yes
checking how to run the C preprocessor... gcc -E
checking for grep that handles long lines and -e... /usr/bin/grep
checking for egrep... /usr/bin/grep -E
checking for ANSI C header files... yes
checking for sys/types.h... yes
checking for sys/stat.h... yes
checking for stdlib.h... yes
checking for string.h... yes
checking for memory.h... yes
checking for strings.h... yes
checking for inttypes.h... yes
checking for stdint.h... yes
checking for unistd.h... yes
checking signal.h usability... yes
checking signal.h presence... yes
checking for signal.h... yes
checking stddef.h usability... yes
checking stddef.h presence... yes
checking for stddef.h... yes
checking for unistd.h... (cached) yes
checking for sys/types.h... (cached) yes
checking for sys/wait.h... (cached) yes
checking for stdlib.h... (cached) yes
checking for string.h... (cached) yes
checking errno.h usability... yes
checking errno.h presence... yes
checking for errno.h... yes
checking pthread.h usability... yes
checking pthread.h presence... yes
checking for pthread.h... yes
checking for pid_t... yes
checking if malloc is declared in stdlib.h or malloc.h... 1
checking if ftell is declared in stdio.h... 1
checking if fdopen is declared in stdio.h... 1
checking if popen is declared in stdio.h... 1
checking if putenv is declared in stdlib.h... 1
checking if setenv is declared in stdlib.h... 1
checking if INFINITY is declared in math.h... 1
checking size of int... 4
checking size of long... 8
checking size of long long... 8
checking for an ANSI C-conforming const... yes
checking for isatty... yes
checking for times... yes
checking for time... yes
checking for gettimeofday... yes
checking for times... (cached) yes
checking for getrusage... yes
checking for perror... yes
checking for pipe... yes
checking for wait... yes
checking for popen... yes
checking for putenv... yes
checking for setenv... yes
checking vfork.h usability... no
checking vfork.h presence... no
checking for vfork.h... no
checking for fork... yes
checking for vfork... yes
checking for working fork... yes
checking for working vfork... (cached) yes
checking for fseeko... yes
checking for sigaction... yes
checking for sigprocmask... yes
checking if __builtin_clz() is supported... 1
checking if __builtin_clzl() is supported... 1
checking if __builtin_clzll() is supported... 1
checking for pthread_create... yes
checking for getc_unlocked... yes
checking for flockfile... yes
checking for gsort... no
checking for sort... /usr/bin/sort
checking if sort supports the -k switch... 1
configure: creating ./config.status
config.status: creating makefile
config.status: creating nauty.h
config.status: creating naututil.h
config.status: creating gtools.h

Zalak@Zalak-PC /cygdrive/c/Zalak/Github/Github_Repository/NetworkMotif/src/main/nauty/nauty25r9
$ make all
gcc -c -O4  -o naututil.o naututil.c
gcc -c -O4  -o nautinv.o nautinv.c
gcc -c -O4  -o traces.o traces.c
gcc -c -O4  -o gtools.o gtools.c
gcc -c -O4  -o nauty.o nauty.c
gcc -c -O4  -o nautil.o nautil.c
gcc -c -O4  -o nausparse.o nausparse.c
gcc -c -O4  -o naugraph.o naugraph.c
gcc -c -O4  -o schreier.o schreier.c
gcc -c -O4  -o naurng.o naurng.c
gcc -o dreadnaut -O4 dreadnaut.c naututil.o \
        nautinv.o gtools.o traces.o nauty.o nautil.o nausparse.o naugraph.o schreier.o naurng.o
gcc -c -O4  -o gutil1.o gutil1.c
gcc -c -O4  -o gutil2.o gutil2.c
gcc -c -O4  -o gtnauty.o gtnauty.c
gcc -c -O4  -o naugroup.o naugroup.c
rm -rf nauty.a
ar crs nauty.a nauty.o nautil.o nausparse.o naugraph.o schreier.o naurng.o traces.o gtools.o naututil.o \
         nautinv.o gutil1.o gutil2.o gtnauty.o naugroup.o \
         naurng.o schreier.o
gcc -c -O4  -o nauty1.o -DMAXN=WORDSIZE nauty.c
gcc -c -O4  -o nautil1.o -DMAXN=WORDSIZE nautil.c
gcc -c -O4  -o naugraph1.o -DMAXN=WORDSIZE naugraph.c
gcc -c -O4  -o naututil1.o -DMAXN=WORDSIZE naututil.c
gcc -c -O4  -o nautinv1.o -DMAXN=WORDSIZE nautinv.c
rm -rf nauty1.a
ar crs nauty1.a nauty1.o nautil1.o nausparse.o naugraph1.o schreier.o naurng.o traces.o gtools.o naututil1.o \
   nautinv1.o gutil1.o gutil2.o gtnauty.o naugroup.o
gcc -o copyg -O4  copyg.c gtools.o
gcc -o listg -O4  listg.c gtools.o nautil.o
gcc -o labelg -O4 labelg.c gtools.o gtnauty.o \
    nautinv.o gutil2.o traces.o nauty.o nautil.o nausparse.o naugraph.o schreier.o naurng.o
gcc -o dretog -O4  dretog.c naututil.o gtools.o \
    nauty.o nautil.o nausparse.o naugraph.o schreier.o naurng.o
gcc -o amtog -O4  amtog.c gtools.o nauty.o nautil.o nausparse.o naugraph.o schreier.o naurng.o
gcc -o geng -O4  -DMAXN=32 geng.c gtools.o nauty1.o \
        nautil1.o naugraph1.o schreier.o naurng.o
gcc -o complg -O4  complg.c gtools.o gtnauty.o \
        nauty.o nautil.o nausparse.o naugraph.o schreier.o naurng.o
gcc -o showg -O4  showg.c
gcc -o NRswitchg -O4  NRswitchg.c gtools.o gtnauty.o \
         nauty.o nautil.o nausparse.o naugraph.o schreier.o naurng.o
gcc -o biplabg -O4  biplabg.c \
        gtools.o gutil1.o nauty.o nautil.o nausparse.o naugraph.o schreier.o naurng.o
gcc -o addedgeg -O4  addedgeg.c gtools.o gtnauty.o \
        gutil1.o nauty.o nautil.o nausparse.o naugraph.o schreier.o naurng.o
gcc -o deledgeg -O4  deledgeg.c gtools.o gtnauty.o \
         nauty.o nautil.o nausparse.o naugraph.o schreier.o naurng.o
gcc -o countg -O4 testg.c gtools.o gtnauty.o gutil1.o \
         gutil2.o nauty.o nautil.o nausparse.o naugraph.o schreier.o naurng.o
gcc -o pickg -O4 testg.c gtools.o gtnauty.o gutil1.o \
        gutil2.o nauty.o nautil.o nausparse.o naugraph.o schreier.o naurng.o
gcc -o genrang -O4  genrang.c \
        gtools.o naututil.o nauty.o nautil.o nausparse.o naugraph.o schreier.o naurng.o
gcc -o newedgeg -O4  newedgeg.c gtools.o gtnauty.o \
         nauty.o nautil.o nausparse.o naugraph.o schreier.o naurng.o
gcc -o catg -O4  catg.c gtools.o
gcc -c -O4  -o gtoolsW.o -DWORDSIZE=32 gtools.c
gcc -c -O4  -o nautyW1.o -DMAXN=WORDSIZE -DWORDSIZE=32 nauty.c
gcc -c -O4  -o nautilW1.o -DMAXN=WORDSIZE -DWORDSIZE=32 nautil.c
gcc -c -O4  -o naugraphW1.o -DMAXN=WORDSIZE -DWORDSIZE=32 naugraph.c
gcc -c -O4  -o schreierW.o -DWORDSIZE=32 schreier.c
gcc -o genbg -O4  -DMAXN=WORDSIZE -DWORDSIZE=32 genbg.c gtoolsW.o schreierW.o \
        nautyW1.o nautilW1.o naugraphW1.o naurng.o
gcc -o directg -O4  directg.c gtools.o \
                nauty.o nautil.o nausparse.o naugraph.o schreier.o naurng.o naugroup.o
gcc -o ranlabg -O4  ranlabg.c gtools.o nauty.o nautil.o nausparse.o naugraph.o schreier.o naurng.o
gcc -o multig -O4  multig.c gtools.o \
                nauty.o nautil.o nausparse.o naugraph.o schreier.o naurng.o naugroup.o
gcc -o planarg -O4  \
        planarg.c planarity.c gtools.o
gcc -o gentourng -O4  -DMAXN=24 gentourng.c gtools.o nauty1.o \
        nautil1.o naugraph1.o schreier.o naurng.o
gcc -o linegraphg -O4  linegraphg.c gtools.o \
        nauty.o nautil.o nausparse.o naugraph.o schreier.o naurng.o
gcc -o watercluster2 -O4  -DMAXN=32 watercluster2.c \
                 gtools.o nauty.o nautil.o nausparse.o naugraph.o schreier.o naurng.o
gcc -o subdivideg -O4  subdivideg.c gtools.o \
        nauty.o nautil.o nausparse.o naugraph.o schreier.o naurng.o
gcc -o shortg -O4  shortg.c gtools.o gtnauty.o nautinv.o \
            nauty.o nautil.o nausparse.o naugraph.o schreier.o naurng.o gutil2.o traces.o

Zalak@Zalak-PC /cygdrive/c/Zalak/Github/Github_Repository/NetworkMotif/src/main/nauty/nauty25r9
$ ls
addedgeg.c    catg.exe          configure     dreadnaut.exe  gentourng.c    gutil1.o        listg.exe       naugraphW1.o  nautaux.c      nautest2.c     nautil.c    naututil.o     nautyex10.c  nautyW1.o      planarity.h  schreier.o       subdivideg.exe
addedgeg.exe  changes24-25.txt  configure.ac  dretog.c       gentourng.exe  gutil2.c        makefile        naugroup.c    nautaux.h      nautest2.dre   nautil.o    naututil1.o    nautyex2.c   newedgeg.c     ranlabg.c    schreier.txt     sumlines.c
amtog.c       checks6.c         copyg.c       dretog.exe     gtnauty.c      gutil2.o        makefile.basic  naugroup.h    nautest.c      nautest2a.ans  nautil1.o   naututil-h.in  nautyex3.c   newedgeg.exe   ranlabg.exe  schreierW.o      testg.c
amtog.exe     complg.c          copyg.exe     formats.txt    gtnauty.o      gutils.h        makefile.in     naugroup.o    nautest1.dre   nautest2b.ans  nautilW1.o  nauty.a        nautyex4.c   NRswitchg.c    README       shortg.c         traces.c
biplabg.c     complg.exe        countg.exe    genbg.c        gtools.c       install-sh      multig.c        naurng.c      nautest1a.ans  nautest2c.ans  nautinv.c   nauty.c        nautyex5.c   NRswitchg.exe  README_24    shortg.exe       traces.h
biplabg.exe   config.guess      deledgeg.c    genbg.exe      gtools.h       labelg.c        multig.exe      naurng.h      nautest1a.dre  nautesta.ans   nautinv.h   nauty.h        nautyex6.c   nug25.pdf      rng.c        showg.c          traces.o
bliss2dre.c   config.log        deledgeg.exe  geng.c         gtools.o       labelg.exe      naucompare.c    naurng.o      nautest1b.ans  nautestb.ans   nautinv.o   nauty.o        nautyex7.c   pickg.exe      rng.h        showg.exe        watercluster2.c
blisstog.c    config.status     directg.c     geng.exe       gtools-h.in    linegraphg.c    naugraph.c      nausparse.c   nautest1b.dre  nautestc.ans   nautinv1.o  nauty1.a       nautyex8.c   planarg.c      runalltests  sorttemplates.c  watercluster2.exe
callgeng.c    config.sub        directg.exe   genrang.c      gtoolsW.o      linegraphg.exe  naugraph.o      nausparse.h   nautest1c.ans  nauthread1.c   naututil.c  nauty1.o       nautyex9.c   planarg.exe    schreier.c   splay.c
catg.c        config.txt        dreadnaut.c   genrang.exe    gutil1.c       listg.c         naugraph1.o     nausparse.o   nautest1c.dre  nauthread2.c   naututil.h  nautyex1.c     nauty-h.in   planarity.c    schreier.h   subdivideg.c

Zalak@Zalak-PC /cygdrive/c/Zalak/Github/Github_Repository/NetworkMotif/src/main/nauty/nauty25r9
$ cd ../../..

Zalak@Zalak-PC /cygdrive/c/Zalak/Github/Github_Repository/NetworkMotif/src
$ cd ..

Zalak@Zalak-PC /cygdrive/c/Zalak/Github/Github_Repository/NetworkMotif
$ $ cd ../..
-bash: $: command not found

Zalak@Zalak-PC /cygdrive/c/Zalak/Github/Github_Repository/NetworkMotif
unner.JUnitCore edu.uw.nemo.labeler.GraphFormatTest.\junit-4.10.jar' org.junit.r
Error: Could not find or load main class org.junit.runner.JUnitCore

Zalak@Zalak-PC /cygdrive/c/Zalak/Github/Github_Repository/NetworkMotif
$
